-- pg_regress should ensure that this default value applies; however
-- we can't rely on any specific default value of vacuum_cost_delay
SHOW datestyle;
   DateStyle   
---------------
 Postgres, MDY
(1 row)

-- SET to some nondefault value
SET vacuum_cost_delay TO 400;
SET datestyle = 'ISO, YMD';
SHOW vacuum_cost_delay;
 vacuum_cost_delay 
-------------------
 400ms
(1 row)

SHOW datestyle;
 DateStyle 
-----------
 ISO, YMD
(1 row)

SELECT '2006-08-13 12:34:56'::timestamptz;
      timestamptz       
------------------------
 2006-08-13 12:34:56-07
(1 row)

-- SET LOCAL has no effect outside of a transaction
SET LOCAL vacuum_cost_delay TO 500;
SHOW vacuum_cost_delay;
 vacuum_cost_delay 
-------------------
 400ms
(1 row)

SET LOCAL datestyle = 'SQL';
SHOW datestyle;
 DateStyle 
-----------
 ISO, YMD
(1 row)

SELECT '2006-08-13 12:34:56'::timestamptz;
      timestamptz       
------------------------
 2006-08-13 12:34:56-07
(1 row)

-- SET LOCAL within a transaction that commits
BEGIN;
SET LOCAL vacuum_cost_delay TO 500;
SHOW vacuum_cost_delay;
 vacuum_cost_delay 
-------------------
 500ms
(1 row)

SET LOCAL datestyle = 'SQL';
SHOW datestyle;
 DateStyle 
-----------
 SQL, YMD
(1 row)

SELECT '2006-08-13 12:34:56'::timestamptz;
       timestamptz       
-------------------------
 08/13/2006 12:34:56 PDT
(1 row)

COMMIT;
SHOW vacuum_cost_delay;
 vacuum_cost_delay 
-------------------
 400ms
(1 row)

SHOW datestyle;
 DateStyle 
-----------
 ISO, YMD
(1 row)

SELECT '2006-08-13 12:34:56'::timestamptz;
      timestamptz       
------------------------
 2006-08-13 12:34:56-07
(1 row)

-- SET should be reverted after ROLLBACK
BEGIN;
SET vacuum_cost_delay TO 600;
SHOW vacuum_cost_delay;
 vacuum_cost_delay 
-------------------
 600ms
(1 row)

SET datestyle = 'German';
SHOW datestyle;
  DateStyle  
-------------
 German, DMY
(1 row)

SELECT '2006-08-13 12:34:56'::timestamptz;
       timestamptz       
-------------------------
 13.08.2006 12:34:56 PDT
(1 row)

ROLLBACK;
SHOW vacuum_cost_delay;
 vacuum_cost_delay 
-------------------
 400ms
(1 row)

SHOW datestyle;
 DateStyle 
-----------
 ISO, YMD
(1 row)

SELECT '2006-08-13 12:34:56'::timestamptz;
      timestamptz       
------------------------
 2006-08-13 12:34:56-07
(1 row)

-- Some tests with subtransactions
BEGIN;
SET vacuum_cost_delay TO 700;
SET datestyle = 'MDY';
SHOW datestyle;
 DateStyle 
-----------
 ISO, MDY
(1 row)

SELECT '2006-08-13 12:34:56'::timestamptz;
      timestamptz       
------------------------
 2006-08-13 12:34:56-07
(1 row)

SAVEPOINT first_sp;
SET vacuum_cost_delay TO 800;
SHOW vacuum_cost_delay;
 vacuum_cost_delay 
-------------------
 800ms
(1 row)

SET datestyle = 'German, DMY';
SHOW datestyle;
  DateStyle  
-------------
 German, DMY
(1 row)

SELECT '2006-08-13 12:34:56'::timestamptz;
       timestamptz       
-------------------------
 13.08.2006 12:34:56 PDT
(1 row)

ROLLBACK TO first_sp;
SHOW datestyle;
 DateStyle 
-----------
 ISO, MDY
(1 row)

SELECT '2006-08-13 12:34:56'::timestamptz;
      timestamptz       
------------------------
 2006-08-13 12:34:56-07
(1 row)

SAVEPOINT second_sp;
SET vacuum_cost_delay TO 900;
SET datestyle = 'SQL, YMD';
SHOW datestyle;
 DateStyle 
-----------
 SQL, YMD
(1 row)

SELECT '2006-08-13 12:34:56'::timestamptz;
       timestamptz       
-------------------------
 08/13/2006 12:34:56 PDT
(1 row)

SAVEPOINT third_sp;
SET vacuum_cost_delay TO 1000;
SHOW vacuum_cost_delay;
 vacuum_cost_delay 
-------------------
 1s
(1 row)

SET datestyle = 'Postgres, MDY';
SHOW datestyle;
   DateStyle   
---------------
 Postgres, MDY
(1 row)

SELECT '2006-08-13 12:34:56'::timestamptz;
         timestamptz          
------------------------------
 Sun Aug 13 12:34:56 2006 PDT
(1 row)

ROLLBACK TO third_sp;
SHOW vacuum_cost_delay;
 vacuum_cost_delay 
-------------------
 900ms
(1 row)

SHOW datestyle;
 DateStyle 
-----------
 SQL, YMD
(1 row)

SELECT '2006-08-13 12:34:56'::timestamptz;
       timestamptz       
-------------------------
 08/13/2006 12:34:56 PDT
(1 row)

ROLLBACK TO second_sp;
SHOW vacuum_cost_delay;
 vacuum_cost_delay 
-------------------
 700ms
(1 row)

SHOW datestyle;
 DateStyle 
-----------
 ISO, MDY
(1 row)

SELECT '2006-08-13 12:34:56'::timestamptz;
      timestamptz       
------------------------
 2006-08-13 12:34:56-07
(1 row)

ROLLBACK;
SHOW vacuum_cost_delay;
 vacuum_cost_delay 
-------------------
 400ms
(1 row)

SHOW datestyle;
 DateStyle 
-----------
 ISO, YMD
(1 row)

SELECT '2006-08-13 12:34:56'::timestamptz;
      timestamptz       
------------------------
 2006-08-13 12:34:56-07
(1 row)

-- SET LOCAL with Savepoints
BEGIN;
SHOW vacuum_cost_delay;
 vacuum_cost_delay 
-------------------
 400ms
(1 row)

SHOW datestyle;
 DateStyle 
-----------
 ISO, YMD
(1 row)

SELECT '2006-08-13 12:34:56'::timestamptz;
      timestamptz       
------------------------
 2006-08-13 12:34:56-07
(1 row)

SAVEPOINT sp;
SET LOCAL vacuum_cost_delay TO 300;
SHOW vacuum_cost_delay;
 vacuum_cost_delay 
-------------------
 300ms
(1 row)

SET LOCAL datestyle = 'Postgres, MDY';
SHOW datestyle;
   DateStyle   
---------------
 Postgres, MDY
(1 row)

SELECT '2006-08-13 12:34:56'::timestamptz;
         timestamptz          
------------------------------
 Sun Aug 13 12:34:56 2006 PDT
(1 row)

ROLLBACK TO sp;
SHOW vacuum_cost_delay;
 vacuum_cost_delay 
-------------------
 400ms
(1 row)

SHOW datestyle;
 DateStyle 
-----------
 ISO, YMD
(1 row)

SELECT '2006-08-13 12:34:56'::timestamptz;
      timestamptz       
------------------------
 2006-08-13 12:34:56-07
(1 row)

ROLLBACK;
SHOW vacuum_cost_delay;
 vacuum_cost_delay 
-------------------
 400ms
(1 row)

SHOW datestyle;
 DateStyle 
-----------
 ISO, YMD
(1 row)

SELECT '2006-08-13 12:34:56'::timestamptz;
      timestamptz       
------------------------
 2006-08-13 12:34:56-07
(1 row)

-- SET followed by SET LOCAL
BEGIN;
SET vacuum_cost_delay TO 400;
SET LOCAL vacuum_cost_delay TO 500;
SHOW vacuum_cost_delay;
 vacuum_cost_delay 
-------------------
 500ms
(1 row)

SET datestyle = 'ISO, DMY';
SET LOCAL datestyle = 'Postgres, MDY';
SHOW datestyle;
   DateStyle   
---------------
 Postgres, MDY
(1 row)

SELECT '2006-08-13 12:34:56'::timestamptz;
         timestamptz          
------------------------------
 Sun Aug 13 12:34:56 2006 PDT
(1 row)

COMMIT;
SHOW vacuum_cost_delay;
 vacuum_cost_delay 
-------------------
 400ms
(1 row)

SHOW datestyle;
 DateStyle 
-----------
 ISO, DMY
(1 row)

SELECT '2006-08-13 12:34:56'::timestamptz;
      timestamptz       
------------------------
 2006-08-13 12:34:56-07
(1 row)

--
-- Test RESET.  We use datestyle because the reset value is forced by
-- pg_regress, so it doesn't depend on the installation's configuration.
--
SET datestyle = iso, ymd;
SHOW datestyle;
 DateStyle 
-----------
 ISO, YMD
(1 row)

SELECT '2006-08-13 12:34:56'::timestamptz;
      timestamptz       
------------------------
 2006-08-13 12:34:56-07
(1 row)

RESET datestyle;
SHOW datestyle;
   DateStyle   
---------------
 Postgres, MDY
(1 row)

SELECT '2006-08-13 12:34:56'::timestamptz;
         timestamptz          
------------------------------
 Sun Aug 13 12:34:56 2006 PDT
(1 row)

--
-- Test GUC - gp_disable_catalog_access_on_segment
--
SHOW gp_disable_catalog_access_on_segment;
 gp_disable_catalog_access_on_segment 
--------------------------------------
 off
(1 row)

CREATE TABLE test1(c1 int, c2 int);
NOTICE:  Table doesn't have 'DISTRIBUTED BY' clause -- Using column named 'c1' as the Greenplum Database data distribution key for this table.
HINT:  The 'DISTRIBUTED BY' clause determines the distribution of data. Make sure column(s) chosen are the optimal data distribution key to minimize skew.
INSERT INTO test1 values(1, 10);
SELECT 1 FROM test1;
 ?column? 
----------
        1
(1 row)

SELECT * FROM test1;
 c1 | c2 
----+----
  1 | 10
(1 row)

SELECT c1 + 1 FROM test1;
 ?column? 
----------
        2
(1 row)

SET gp_disable_catalog_access_on_segment = true;
SHOW gp_disable_catalog_access_on_segment;
 gp_disable_catalog_access_on_segment 
--------------------------------------
 on
(1 row)

CREATE TABLE test2(c1 int, c2 int);
INSERT INTO test1 values(1, 10);
ERROR:  invalid catalog access on segments (catalog relid: 1259) (SOMEFILE:SOMEFUNC)
SELECT 1 FROM test1;
ERROR:  invalid catalog access on segments (catalog relid: 1259) (SOMEFILE:SOMEFUNC)
SELECT * FROM test1;
ERROR:  invalid catalog access on segments (catalog relid: 1259) (SOMEFILE:SOMEFUNC)
SELECT c1 + 1 FROM test1;
ERROR:  invalid catalog access on segments (catalog relid: 1259) (SOMEFILE:SOMEFUNC)
SET gp_disable_catalog_access_on_segment = false;
SHOW gp_disable_catalog_access_on_segment;
 gp_disable_catalog_access_on_segment 
--------------------------------------
 off
(1 row)

-- start_ignore
DROP TABLE test1;
DROP TABLE test2;
-- end_ignore
SELECT min_val, max_val FROM pg_settings WHERE name = 'hawq_metadata_cache_free_block_normal_ratio';
 min_val | max_val 
---------+---------
 0.05    | 1
(1 row)

