-- 
-- ROLE
--
-- MPP-15479: ALTER ROLE SET statement
DROP ROLE IF EXISTS role_112911;
NOTICE:  role "role_112911" does not exist, skipping
NOTICE:  role "role_112911" does not exist, skipping  (seg0 localhost:12001 pid=20806)
NOTICE:  role "role_112911" does not exist, skipping  (seg1 localhost:12002 pid=20807)
CREATE ROLE role_112911 WITH LOGIN;
NOTICE:  resource queue required -- using default resource queue "pg_default"
CREATE SCHEMA common_schema;
/* Alter Role Set statement_mem */
ALTER ROLE role_112911 SET statement_mem TO '150MB';
SELECT gp_segment_id, rolname, array_to_string(rolconfig,',') as rolconfig
  FROM pg_authid WHERE rolname = 'role_112911'
 UNION ALL
SELECT DISTINCT 0 as gp_segment_id, rolname, array_to_string(rolconfig,',') as rolconfig
  FROM gp_dist_random('pg_authid') WHERE rolname = 'role_112911';
 gp_segment_id |   rolname   |      rolconfig      
---------------+-------------+---------------------
            -1 | role_112911 | statement_mem=150MB
             0 | role_112911 | statement_mem=150MB
(2 rows)

/* Alter Role Set search_path */
ALTER ROLE role_112911 SET search_path = common_schema;
SELECT gp_segment_id, rolname, array_to_string(rolconfig,',') as rolconfig
  FROM pg_authid WHERE rolname = 'role_112911'
 UNION ALL
SELECT DISTINCT 0 as gp_segment_id, rolname, array_to_string(rolconfig,',') as rolconfig
  FROM gp_dist_random('pg_authid') WHERE rolname = 'role_112911';
 gp_segment_id |   rolname   |                   rolconfig                   
---------------+-------------+-----------------------------------------------
            -1 | role_112911 | statement_mem=150MB,search_path=common_schema
             0 | role_112911 | statement_mem=150MB,search_path=common_schema
(2 rows)

/* Alter Role Reset statement_mem */
ALTER ROLE role_112911 RESET statement_mem;
SELECT gp_segment_id, rolname, array_to_string(rolconfig,',') as rolconfig
  FROM pg_authid WHERE rolname = 'role_112911'
 UNION ALL
SELECT DISTINCT 0 as gp_segment_id, rolname, array_to_string(rolconfig,',') as rolconfig
  FROM gp_dist_random('pg_authid') WHERE rolname = 'role_112911';
 gp_segment_id |   rolname   |         rolconfig         
---------------+-------------+---------------------------
            -1 | role_112911 | search_path=common_schema
             0 | role_112911 | search_path=common_schema
(2 rows)

/* Alter Role Set statement_mem */
ALTER ROLE role_112911 SET statement_mem = 100000;
SELECT gp_segment_id, rolname, array_to_string(rolconfig,',') as rolconfig
  FROM pg_authid WHERE rolname = 'role_112911'
 UNION ALL
SELECT DISTINCT 0 as gp_segment_id, rolname, array_to_string(rolconfig,',') as rolconfig
  FROM gp_dist_random('pg_authid') WHERE rolname = 'role_112911';
 gp_segment_id |   rolname   |                   rolconfig                    
---------------+-------------+------------------------------------------------
            -1 | role_112911 | search_path=common_schema,statement_mem=100000
             0 | role_112911 | search_path=common_schema,statement_mem=100000
(2 rows)

/* Alter Role Reset All */
ALTER ROLE role_112911 RESET ALL;
SELECT gp_segment_id, rolname, array_to_string(rolconfig,',') as rolconfig
  FROM pg_authid WHERE rolname = 'role_112911'
 UNION ALL
SELECT DISTINCT 0 as gp_segment_id, rolname, array_to_string(rolconfig,',') as rolconfig
  FROM gp_dist_random('pg_authid') WHERE rolname = 'role_112911';
 gp_segment_id |   rolname   | rolconfig 
---------------+-------------+-----------
            -1 | role_112911 | 
             0 | role_112911 | 
(2 rows)

DROP ROLE role_112911;
DROP SCHEMA common_schema;
-- SHA-256 testing
set password_hash_algorithm to "SHA-256";
create role sha256 password 'abc';
NOTICE:  resource queue required -- using default resource queue "pg_default"
-- MPP-15865
-- OpenSSL SHA2 returning a different SHA2 to RSA BSAFE!
--select rolname, rolpassword from pg_authid where rolname = 'sha256';
drop role sha256;
create role superuser;
NOTICE:  resource queue required -- using default resource queue "pg_default"
create role u1;
NOTICE:  resource queue required -- using default resource queue "pg_default"
set role superuser;
create table t1(a int, b int constraint c check (b>=100));
NOTICE:  Table doesn't have 'DISTRIBUTED BY' clause -- Using column named 'a' as the Greenplum Database data distribution key for this table.
HINT:  The 'DISTRIBUTED BY' clause determines the distribution of data. Make sure column(s) chosen are the optimal data distribution key to minimize skew.
create view t1_view as select * from t1;
grant all privileges on t1, t1_view to u1;
set role superuser;
revoke all privileges on TABLE t1, t1_view FROM u1;
set role u1;
select * from t1_view order by 1;
ERROR:  permission denied for relation t1_view
ERROR:  GPDB exception. Aborting GPORCA plan generation. (CGPOptimizer.cpp:66)
reset role;
drop view t1_view;
drop table t1;
drop role u1;
drop role superuser;
